[backblue.gif]
[fade.gif]
[index.html]
[avenxo.kaijuthemes.com/assets/demo/avatar/avatar_01.png]
[avenxo.kaijuthemes.com/assets/demo/avatar/avatar_09.png]
[avenxo.kaijuthemes.com/assets/demo/avatar/avatar_02.png]
[avenxo.kaijuthemes.com/assets/demo/avatar/avatar_03.png]
[avenxo.kaijuthemes.com/assets/demo/avatar/avatar_04.png]
[avenxo.kaijuthemes.com/assets/demo/avatar/avatar_05.png]
[avenxo.kaijuthemes.com/assets/demo/avatar/avatar_06.png]
[avenxo.kaijuthemes.com/assets/demo/avatar/avatar_15.png]
[avenxo.kaijuthemes.com/angular/app/index.html]
[www.google-analytics.com/analytics.js]
[avenxo.kaijuthemes.com/assets/js/jquery-1.10.2.min.js]
[avenxo.kaijuthemes.com/assets/js/jqueryui-1.10.3.min.js]
[avenxo.kaijuthemes.com/assets/js/bootstrap.min.js]
[avenxo.kaijuthemes.com/assets/js/enquire.min.js]
[avenxo.kaijuthemes.com/assets/plugins/velocityjs/velocity.min.js]
[avenxo.kaijuthemes.com/assets/plugins/velocityjs/velocity.ui.min.js]
[avenxo.kaijuthemes.com/assets/plugins/wijets/wijets.js]
[avenxo.kaijuthemes.com/assets/plugins/codeprettifier/prettify.js]
[avenxo.kaijuthemes.com/assets/plugins/bootstrap-switch/bootstrap-switch.js]
[avenxo.kaijuthemes.com/assets/plugins/bootstrap-tabdrop/js/bootstrap-tabdrop.js]
[avenxo.kaijuthemes.com/assets/plugins/iCheck/icheck.min.js]
[avenxo.kaijuthemes.com/assets/plugins/nanoScroller/js/jquery.nanoscroller.min.js]
[avenxo.kaijuthemes.com/assets/js/application.js]
[avenxo.kaijuthemes.com/assets/demo/demo.js]
[avenxo.kaijuthemes.com/assets/demo/demo-switcher.js]
[avenxo.kaijuthemes.com/assets/plugins/charts-flot/jquery.flot.min.js]
[avenxo.kaijuthemes.com/assets/plugins/charts-flot/jquery.flot.pie.min.js]
[avenxo.kaijuthemes.com/assets/plugins/charts-flot/jquery.flot.stack.min.js]
[avenxo.kaijuthemes.com/assets/plugins/charts-flot/jquery.flot.orderBars.min.js]
[avenxo.kaijuthemes.com/assets/plugins/charts-flot/jquery.flot.resize.min.js]
[avenxo.kaijuthemes.com/assets/plugins/charts-flot/jquery.flot.tooltip.min.js]
[avenxo.kaijuthemes.com/assets/plugins/charts-flot/jquery.flot.spline.js]
[avenxo.kaijuthemes.com/assets/plugins/sparklines/jquery.sparklines.min.js]
[avenxo.kaijuthemes.com/assets/plugins/jvectormap/jquery-jvectormap-2.0.2.min.js]
[avenxo.kaijuthemes.com/assets/plugins/jvectormap/jquery-jvectormap-world-mill-en.js]
[avenxo.kaijuthemes.com/assets/plugins/switchery/switchery.js]
[avenxo.kaijuthemes.com/assets/plugins/easypiechart/jquery.easypiechart.js]
[avenxo.kaijuthemes.com/assets/plugins/fullcalendar/moment.min.js]
[avenxo.kaijuthemes.com/assets/plugins/fullcalendar/fullcalendar.min.js]
[avenxo.kaijuthemes.com/assets/demo/demo-index.js]
[avenxo.kaijuthemes.com/index.html]
[avenxo.kaijuthemes.com/assets/fonts/font-awesome/fonts/fontawesome-webfonte0a5.eot]
[avenxo.kaijuthemes.com/assets/fonts/font-awesome/fonts/fontawesome-webfontd41d.eot]
[avenxo.kaijuthemes.com/assets/fonts/font-awesome/fonts/fontawesome-webfonte0a5.woff2]
[avenxo.kaijuthemes.com/assets/fonts/font-awesome/fonts/fontawesome-webfonte0a5.woff]
[avenxo.kaijuthemes.com/assets/fonts/font-awesome/fonts/fontawesome-webfonte0a5.ttf]
[avenxo.kaijuthemes.com/assets/fonts/font-awesome/css/font-awesome.min.css]
[avenxo.kaijuthemes.com/assets/fonts/themify-icons/fonts/themify9f24.eot]
[avenxo.kaijuthemes.com/assets/fonts/themify-icons/fonts/themifyd41d.eot]
[avenxo.kaijuthemes.com/assets/fonts/themify-icons/fonts/themify9f24.woff]
[avenxo.kaijuthemes.com/assets/fonts/themify-icons/fonts/themify9f24.ttf]
[avenxo.kaijuthemes.com/assets/fonts/themify-icons/themify-icons.css]
[avenxo.kaijuthemes.com/assets/css/styles.css]
[avenxo.kaijuthemes.com/assets/plugins/codeprettifier/prettify.css]
[avenxo.kaijuthemes.com/assets/plugins/iCheck/skins/minimal/blue.png]
[avenxo.kaijuthemes.com/assets/plugins/iCheck/skins/minimal/blue@2x.png]
[avenxo.kaijuthemes.com/assets/plugins/iCheck/skins/minimal/blue.css]
[avenxo.kaijuthemes.com/assets/plugins/fullcalendar/fullcalendar.css]
[avenxo.kaijuthemes.com/assets/plugins/jvectormap/jquery-jvectormap-2.0.2.css]
[avenxo.kaijuthemes.com/assets/plugins/switchery/switchery.css]
[avenxo.kaijuthemes.com/angular/app/assets/css/bd1a1f8a.vendor.css]
[avenxo.kaijuthemes.com/angular/app/'views/layout/header.html']
[avenxo.kaijuthemes.com/angular/app/assets/demo/avatar/avatar_11.png]
[avenxo.kaijuthemes.com/angular/app/assets/css/45552090.main.css]
[avenxo.kaijuthemes.com/angular/app/index.html]
[avenxo.kaijuthemes.com/layout-grids.html]
[avenxo.kaijuthemes.com/layout-static-leftbar.html]
[avenxo.kaijuthemes.com/layout-sidebar-scroll.html]
[avenxo.kaijuthemes.com/assets/plugins/smartmenus/jquery.smartmenus.js]
[avenxo.kaijuthemes.com/assets/plugins/smartmenus/addons/bootstrap/jquery.smartmenus.bootstrap.js]
[avenxo.kaijuthemes.com/layout-horizontal.html]
[avenxo.kaijuthemes.com/layout-boxed.html]
[avenxo.kaijuthemes.com/ui-typography.html]
[avenxo.kaijuthemes.com/ui-buttons.html]
[avenxo.kaijuthemes.com/assets/demo/stockphoto/music_02.jpg]
[avenxo.kaijuthemes.com/angular/app/scripts/1fcea0c0.scripts.js]
[avenxo.kaijuthemes.com/ui-modals.html]
[avenxo.kaijuthemes.com/ui-progress.html]
[avenxo.kaijuthemes.com/ui-paginations.html]
[avenxo.kaijuthemes.com/ui-breadcrumbs.html]
[avenxo.kaijuthemes.com/ui-labelsbadges.html]
[avenxo.kaijuthemes.com/assets/demo/demo-alerts.js]
[avenxo.kaijuthemes.com/ui-alerts.html]
[avenxo.kaijuthemes.com/ui-tabs.html]
[avenxo.kaijuthemes.com/ui-wells.html]
[avenxo.kaijuthemes.com/ui-icons-fontawesome.html]
[avenxo.kaijuthemes.com/ui-icons-themify.html]
[avenxo.kaijuthemes.com/ui-helpers.html]
[avenxo.kaijuthemes.com/assets/demo/stockphoto/carousel_01.jpg]
[avenxo.kaijuthemes.com/assets/demo/stockphoto/carousel_03.jpg]
[avenxo.kaijuthemes.com/assets/demo/stockphoto/carousel_02.jpg]
[avenxo.kaijuthemes.com/ui-imagecarousel.html]
[avenxo.kaijuthemes.com/ui-tiles.html]
[avenxo.kaijuthemes.com/assets/plugins/progress-skylo/skylo.js]
[avenxo.kaijuthemes.com/assets/demo/demo-custom-skylo.js]
[avenxo.kaijuthemes.com/custom-skylo.html]
[avenxo.kaijuthemes.com/assets/plugins/bootbox/bootbox.js]
[avenxo.kaijuthemes.com/assets/demo/demo-modals.js]
[avenxo.kaijuthemes.com/custom-bootbox.html]
[avenxo.kaijuthemes.com/assets/plugins/pines-notify/pnotify.min.js]
[avenxo.kaijuthemes.com/custom-pines.html]
[avenxo.kaijuthemes.com/assets/plugins/pulsate/jQuery.pulsate.min.js]
[avenxo.kaijuthemes.com/custom-pulsate.html]
[avenxo.kaijuthemes.com/assets/plugins/knob/jquery.knob.min.js]
[avenxo.kaijuthemes.com/custom-knob.html]
[avenxo.kaijuthemes.com/assets/plugins/Ion.RangeSlider/js/ion-rangeSlider/ion.rangeSlider.min.js]
[avenxo.kaijuthemes.com/assets/demo/demo-custom-ionrange.js]
[avenxo.kaijuthemes.com/custom-ionrange.html]
[avenxo.kaijuthemes.com/ui-forms.html]
[avenxo.kaijuthemes.com/assets/plugins/form-multiselect/js/jquery.multi-select.min.js]
[avenxo.kaijuthemes.com/assets/plugins/quicksearch/jquery.quicksearch.min.js]
[avenxo.kaijuthemes.com/assets/plugins/form-typeahead/typeahead.bundle.min.js]
[avenxo.kaijuthemes.com/assets/plugins/form-select2/select2.min.js]
[avenxo.kaijuthemes.com/assets/plugins/form-autosize/jquery.autosize-min.js]
[avenxo.kaijuthemes.com/assets/plugins/form-colorpicker/js/bootstrap-colorpicker.min.js]
[avenxo.kaijuthemes.com/assets/plugins/bootstrap-touchspin/dist/jquery.bootstrap-touchspin.js]
[avenxo.kaijuthemes.com/assets/plugins/form-fseditor/jquery.fseditor-min.js]
[avenxo.kaijuthemes.com/assets/plugins/form-jasnyupload/fileinput.min.js]
[avenxo.kaijuthemes.com/assets/plugins/bootstrap-tokenfield/bootstrap-tokenfield.min.js]
[avenxo.kaijuthemes.com/assets/plugins/card/lib/js/card.js]
[avenxo.kaijuthemes.com/assets/plugins/jquery-chained/jquery.chained.min.js]
[avenxo.kaijuthemes.com/assets/plugins/jquery-mousewheel/jquery.mousewheel.min.js]
[avenxo.kaijuthemes.com/assets/demo/demo-formcomponents.js]
[avenxo.kaijuthemes.com/form-components.html]
[avenxo.kaijuthemes.com/assets/plugins/form-daterangepicker/moment.min.js]
[avenxo.kaijuthemes.com/assets/plugins/form-daterangepicker/daterangepicker.js]
[avenxo.kaijuthemes.com/assets/plugins/bootstrap-datepicker/bootstrap-datepicker.js]
[avenxo.kaijuthemes.com/assets/plugins/bootstrap-timepicker/bootstrap-timepicker.js]
[avenxo.kaijuthemes.com/assets/plugins/bootstrap-datetimepicker/js/bootstrap-datetimepicker.js]
[avenxo.kaijuthemes.com/assets/plugins/clockface/js/clockface.js]
[avenxo.kaijuthemes.com/assets/demo/demo-pickers.js]
[avenxo.kaijuthemes.com/form-pickers.html]
[avenxo.kaijuthemes.com/assets/plugins/form-validation/jquery.validate.min.js]
[avenxo.kaijuthemes.com/assets/plugins/form-stepy/jquery.stepy.js]
[avenxo.kaijuthemes.com/assets/demo/demo-formwizard.js]
[avenxo.kaijuthemes.com/form-wizard.html]
[avenxo.kaijuthemes.com/assets/plugins/form-parsley/parsley.js]
[avenxo.kaijuthemes.com/assets/demo/demo-formvalidation.js]
[avenxo.kaijuthemes.com/form-validation.html]
[avenxo.kaijuthemes.com/assets/plugins/form-inputmask/jquery.inputmask.bundle.min.js]
[avenxo.kaijuthemes.com/assets/demo/demo-mask.js]
[avenxo.kaijuthemes.com/form-masks.html]
[avenxo.kaijuthemes.com/assets/plugins/dropzone/dropzone.min.js]
[avenxo.kaijuthemes.com/form-dropzone.html]
[avenxo.kaijuthemes.com/assets/plugins/summernote/dist/summernote.js]
[avenxo.kaijuthemes.com/form-summernote.html]
[avenxo.kaijuthemes.com/assets/plugins/form-pagedown/js/jquery.pagedown-bootstrap.combined.js]
[avenxo.kaijuthemes.com/form-markdown.html]
[avenxo.kaijuthemes.com/assets/plugins/form-xeditable/bootstrap3-editable/js/bootstrap-editable.js]
[avenxo.kaijuthemes.com/angular/app/scripts/de28496e.vendor.js]
[avenxo.kaijuthemes.com/assets/demo/demo-xeditable.js]
[avenxo.kaijuthemes.com/form-xeditable.html]
[avenxo.kaijuthemes.com/assets/plugins/gridforms/gridforms/gridforms.js]
[avenxo.kaijuthemes.com/form-gridforms.html]
[avenxo.kaijuthemes.com/ui-panels.html]
[avenxo.kaijuthemes.com/ui-advancedpanels.html]
[avenxo.kaijuthemes.com/ui-tables.html]
[upload.wikimedia.org/wikipedia/en/thumb/a/a4/Flag_of_the_United_States.svg/23px-Flag_of_the_United_States.svg.png]
[upload.wikimedia.org/wikipedia/en/thumb/9/9e/Flag_of_Japan.svg/23px-Flag_of_Japan.svg.png]
[upload.wikimedia.org/wikipedia/en/thumb/a/ae/Flag_of_the_United_Kingdom.svg/23px-Flag_of_the_United_Kingdom.svg.png]
[upload.wikimedia.org/wikipedia/en/thumb/b/ba/Flag_of_Germany.svg/23px-Flag_of_Germany.svg.png]
[upload.wikimedia.org/wikipedia/en/thumb/0/03/Flag_of_Italy.svg/23px-Flag_of_Italy.svg.png]
[upload.wikimedia.org/wikipedia/en/thumb/4/41/Flag_of_India.svg/23px-Flag_of_India.svg.png]
[upload.wikimedia.org/wikipedia/en/thumb/c/c3/Flag_of_France.svg/23px-Flag_of_France.svg.png]
[upload.wikimedia.org/wikipedia/en/thumb/9/9a/Flag_of_Spain.svg/23px-Flag_of_Spain.svg.png]
[upload.wikimedia.org/wikipedia/en/thumb/0/05/Flag_of_Brazil.svg/22px-Flag_of_Brazil.svg.png]
[upload.wikimedia.org/wikipedia/en/thumb/c/cf/Flag_of_Canada.svg/23px-Flag_of_Canada.svg.png]
[avenxo.kaijuthemes.com/tables-responsive.html]
[avenxo.kaijuthemes.com/assets/plugins/datatables/jquery.dataTables.js]
[avenxo.kaijuthemes.com/assets/plugins/datatables/TableTools.js]
[avenxo.kaijuthemes.com/assets/plugins/jquery-editable/jquery.editable.js]
[avenxo.kaijuthemes.com/assets/plugins/datatables/dataTables.editor.js]
[avenxo.kaijuthemes.com/assets/plugins/datatables/dataTables.editor.bootstrap.js]
[avenxo.kaijuthemes.com/assets/plugins/datatables/dataTables.bootstrap.js]
[avenxo.kaijuthemes.com/assets/demo/demo-tableeditable.js]
[avenxo.kaijuthemes.com/tables-editable.html]
[avenxo.kaijuthemes.com/assets/demo/demo-datatables.js]
[avenxo.kaijuthemes.com/tables-data.html]
[avenxo.kaijuthemes.com/assets/plugins/tables-fixedheader/js/dataTables.fixedHeader.js]
[avenxo.kaijuthemes.com/assets/demo/demo-fixedheadertables.js]
[avenxo.kaijuthemes.com/tables-fixedheader.html]
[avenxo.kaijuthemes.com/assets/plugins/charts-flot/jquery.flot.resize.js]
[avenxo.kaijuthemes.com/assets/demo/demo-flotgraph.js]
[avenxo.kaijuthemes.com/charts-flot.html]
[avenxo.kaijuthemes.com/assets/demo/demo-inlinecharts.js]
[avenxo.kaijuthemes.com/charts-sparklines.html]
[avenxo.kaijuthemes.com/assets/plugins/charts-morrisjs/raphael.min.js]
[avenxo.kaijuthemes.com/assets/plugins/charts-morrisjs/morris.min.js]
[avenxo.kaijuthemes.com/assets/demo/demo-morrisjs.js]
[avenxo.kaijuthemes.com/charts-morris.html]
[avenxo.kaijuthemes.com/assets/demo/demo-charts-easypiechart.js]
[avenxo.kaijuthemes.com/charts-easypiechart.html]
[avenxo.kaijuthemes.com/assets/plugins/gmaps/gmaps.js]
[avenxo.kaijuthemes.com/assets/demo/demo-gmaps.js]
[avenxo.kaijuthemes.com/maps-google.html]
[avenxo.kaijuthemes.com/assets/plugins/jvectormap/jquery-jvectormap-cn-mill-en.js]
[avenxo.kaijuthemes.com/assets/plugins/jvectormap/jquery-jvectormap-dk-mill-en.js]
[avenxo.kaijuthemes.com/assets/plugins/jvectormap/jquery-jvectormap-europe-mill-en.js]
[avenxo.kaijuthemes.com/assets/plugins/jvectormap/jquery-jvectormap-in-mill-en.js]
[avenxo.kaijuthemes.com/assets/plugins/jvectormap/jquery-jvectormap-nl-mill-en.js]
[avenxo.kaijuthemes.com/assets/plugins/jvectormap/jquery-jvectormap-se-mill-en.js]
[avenxo.kaijuthemes.com/assets/plugins/jvectormap/jquery-jvectormap-us-aea-en.js]
[avenxo.kaijuthemes.com/assets/plugins/jvectormap/jquery-jvectormap-us-ny-newyork-mill-en.js]
[avenxo.kaijuthemes.com/assets/demo/demo-jvectormap.js]
[avenxo.kaijuthemes.com/maps-jvectormap.html]
[avenxo.kaijuthemes.com/assets/plugins/jQuery-Mapael/js/raphael/raphael-min.js]
[avenxo.kaijuthemes.com/assets/plugins/jQuery-Mapael/js/jquery.mapael.js]
[avenxo.kaijuthemes.com/assets/plugins/jQuery-Mapael/js/maps/world_countries.js]
[avenxo.kaijuthemes.com/assets/plugins/jQuery-Mapael/js/maps/usa_states.js]
[avenxo.kaijuthemes.com/assets/demo/demo-mapael.js]
[avenxo.kaijuthemes.com/maps-mapael.html]
[avenxo.kaijuthemes.com/assets/demo/stockphoto/blog_06.jpg]
[avenxo.kaijuthemes.com/assets/demo/stockphoto/blog_05.jpg]
[avenxo.kaijuthemes.com/assets/demo/stockphoto/blog_01.jpg]
[avenxo.kaijuthemes.com/assets/demo/stockphoto/blog_02.jpg]
[avenxo.kaijuthemes.com/assets/demo/stockphoto/blog_03.jpg]
[avenxo.kaijuthemes.com/assets/demo/stockphoto/blog_04.jpg]
[avenxo.kaijuthemes.com/assets/demo/demo-profile.js]
[avenxo.kaijuthemes.com/extras-profile.html]
[avenxo.kaijuthemes.com/assets/img/logo-big.png]
[avenxo.kaijuthemes.com/extras-invoice.html]
[avenxo.kaijuthemes.com/responsive-email/basic.html]
[avenxo.kaijuthemes.com/responsive-email/hero.html]
[avenxo.kaijuthemes.com/responsive-email/sidebar.html]
[avenxo.kaijuthemes.com/responsive-email/sidebar-hero.html]
[avenxo.kaijuthemes.com/assets/plugins/countdown/countdown.js]
[avenxo.kaijuthemes.com/coming-soon.html]
[avenxo.kaijuthemes.com/extras-faq.html]
[avenxo.kaijuthemes.com/extras-registration.html]
[avenxo.kaijuthemes.com/extras-forgotpassword.html]
[avenxo.kaijuthemes.com/extras-login.html]
[avenxo.kaijuthemes.com/extras-404.html]
[avenxo.kaijuthemes.com/extras-500.html]
[avenxo.kaijuthemes.com/app-inbox.html]
[avenxo.kaijuthemes.com/assets/demo/demo-calendar.js]
[avenxo.kaijuthemes.com/extras-calendar.html]
[avenxo.kaijuthemes.com/assets/fonts/font-awesome/fonts/fontawesome-webfonte0a5.svg]
[avenxo.kaijuthemes.com/assets/fonts/themify-icons/fonts/themify9f24.svg]
[avenxo.kaijuthemes.com/assets/css/style-blessed3ef7a.css]
[avenxo.kaijuthemes.com/assets/css/style-blessed2ef7a.css]
[avenxo.kaijuthemes.com/assets/demo/stockphoto/blog_10.jpg]
[avenxo.kaijuthemes.com/assets/img/logo-dark.png]
[avenxo.kaijuthemes.com/assets/img/logo.png]
[avenxo.kaijuthemes.com/assets/img/sunny-weather-bg.png]
[avenxo.kaijuthemes.com/assets/img/patterns/brickwall.png]
[avenxo.kaijuthemes.com/assets/img/patterns/dark_stripes.png]
[avenxo.kaijuthemes.com/assets/img/patterns/rockywall.png]
[avenxo.kaijuthemes.com/assets/img/patterns/subtle_carbon.png]
[avenxo.kaijuthemes.com/assets/img/patterns/tweed.png]
[avenxo.kaijuthemes.com/assets/img/patterns/vertical_cloth.png]
[avenxo.kaijuthemes.com/assets/img/patterns/grey_wash_wall.png]
[avenxo.kaijuthemes.com/assets/img/patterns/pw_maze_black.png]
[avenxo.kaijuthemes.com/assets/img/patterns/wild_oliva.png]
[avenxo.kaijuthemes.com/assets/img/patterns/stressed_linen.png]
[avenxo.kaijuthemes.com/assets/img/patterns/sos.png]
[avenxo.kaijuthemes.com/assets/plugins/form-colorpicker/img/bootstrap-colorpicker/saturation.png]
[avenxo.kaijuthemes.com/assets/plugins/form-colorpicker/img/bootstrap-colorpicker/hue.png]
[avenxo.kaijuthemes.com/assets/plugins/form-colorpicker/img/bootstrap-colorpicker/alpha.png]
[avenxo.kaijuthemes.com/assets/css/style-blessed1ef7a.css]
[avenxo.kaijuthemes.com/angular/app/assets/fonts/fontawesome-webfont78ce.woff]
[avenxo.kaijuthemes.com/angular/app/assets/fonts/fontawesome-webfont78ce.eot]
[avenxo.kaijuthemes.com/angular/app/assets/fonts/fontawesome-webfontd41d.eot]
[avenxo.kaijuthemes.com/angular/app/assets/css/ui-grid.136.delayed]
[avenxo.kaijuthemes.com/angular/app/assets/css/ui-grid.woff]
[avenxo.kaijuthemes.com/angular/app/assets/css/ui-gridd41d.ttf]
[avenxo.kaijuthemes.com/angular/app/assets/css/ui-gridd41d.svg]
[avenxo.kaijuthemes.com/angular/app/assets/fonts/fontawesome-webfont78ce.svg]
[avenxo.kaijuthemes.com/angular/app/assets/css/fonts/themify9f24.woff]
[avenxo.kaijuthemes.com/angular/app/assets/css/fonts/themify9f24.eot]
[avenxo.kaijuthemes.com/angular/app/assets/css/fonts/themifyd41d.eot]
[avenxo.kaijuthemes.com/angular/app/assets/fonts/fontawesome-webfont78ce.ttf]
[avenxo.kaijuthemes.com/angular/app/assets/css/Jcrop.gif]
[avenxo.kaijuthemes.com/angular/app/assets/css/minimal/minimal.png]
[avenxo.kaijuthemes.com/angular/app/assets/css/minimal/minimal@2x.png]
[avenxo.kaijuthemes.com/angular/app/assets/css/fonts/themify9f24.svg]
[avenxo.kaijuthemes.com/angular/app/assets/css/minimal/red.png]
[avenxo.kaijuthemes.com/angular/app/assets/css/fonts/themify9f24.ttf]
[avenxo.kaijuthemes.com/angular/app/assets/css/minimal/red@2x.png]
[avenxo.kaijuthemes.com/angular/app/assets/css/minimal/green.png]
[avenxo.kaijuthemes.com/angular/app/assets/css/minimal/green@2x.png]
[avenxo.kaijuthemes.com/angular/app/assets/css/minimal/blue.png]
[avenxo.kaijuthemes.com/angular/app/assets/css/minimal/blue@2x.png]
[avenxo.kaijuthemes.com/angular/app/assets/css/minimal/aero.png]
[avenxo.kaijuthemes.com/angular/app/assets/css/minimal/aero@2x.png]
[avenxo.kaijuthemes.com/angular/app/assets/css/minimal/grey.png]
[avenxo.kaijuthemes.com/angular/app/assets/css/minimal/grey@2x.png]
[avenxo.kaijuthemes.com/angular/app/assets/css/minimal/orange.png]
[avenxo.kaijuthemes.com/angular/app/assets/css/minimal/orange@2x.png]
[avenxo.kaijuthemes.com/angular/app/assets/css/minimal/yellow.png]
[avenxo.kaijuthemes.com/angular/app/assets/css/minimal/yellow@2x.png]
[avenxo.kaijuthemes.com/angular/app/assets/css/minimal/pink.png]
[avenxo.kaijuthemes.com/angular/app/assets/css/minimal/pink@2x.png]
[avenxo.kaijuthemes.com/angular/app/assets/css/minimal/purple.png]
[avenxo.kaijuthemes.com/angular/app/assets/css/minimal/purple@2x.png]
[avenxo.kaijuthemes.com/angular/app/assets/css/minimal/purple.css]
[avenxo.kaijuthemes.com/angular/app/assets/css/square/square.png]
[avenxo.kaijuthemes.com/angular/app/assets/css/square/square@2x.png]
[avenxo.kaijuthemes.com/angular/app/assets/css/square/red.png]
[avenxo.kaijuthemes.com/angular/app/assets/css/square/red@2x.png]
[avenxo.kaijuthemes.com/angular/app/assets/css/square/green.png]
[avenxo.kaijuthemes.com/angular/app/assets/css/square/green@2x.png]
[avenxo.kaijuthemes.com/angular/app/assets/css/square/blue.png]
[avenxo.kaijuthemes.com/angular/app/assets/css/square/blue@2x.png]
[avenxo.kaijuthemes.com/angular/app/assets/css/square/aero.png]
[avenxo.kaijuthemes.com/angular/app/assets/css/square/aero@2x.png]
[avenxo.kaijuthemes.com/angular/app/assets/css/square/grey.png]
[avenxo.kaijuthemes.com/angular/app/assets/css/square/grey@2x.png]
[avenxo.kaijuthemes.com/angular/app/assets/css/square/orange.png]
[avenxo.kaijuthemes.com/angular/app/assets/css/square/orange@2x.png]
[avenxo.kaijuthemes.com/angular/app/assets/css/square/yellow.png]
[avenxo.kaijuthemes.com/angular/app/assets/css/square/yellow@2x.png]
[avenxo.kaijuthemes.com/angular/app/assets/css/square/pink.png]
[avenxo.kaijuthemes.com/angular/app/assets/css/square/pink@2x.png]
[avenxo.kaijuthemes.com/angular/app/assets/css/square/purple.png]
[avenxo.kaijuthemes.com/angular/app/assets/css/square/purple@2x.png]
[avenxo.kaijuthemes.com/angular/app/assets/css/square/purple.css]
[avenxo.kaijuthemes.com/angular/app/assets/css/flat/flat.png]
[avenxo.kaijuthemes.com/angular/app/assets/css/flat/flat@2x.png]
[avenxo.kaijuthemes.com/angular/app/assets/css/flat/red.png]
[avenxo.kaijuthemes.com/angular/app/assets/css/flat/red@2x.png]
[avenxo.kaijuthemes.com/angular/app/assets/css/flat/green.png]
[avenxo.kaijuthemes.com/angular/app/assets/css/flat/green@2x.png]
[avenxo.kaijuthemes.com/angular/app/assets/css/flat/blue.png]
[avenxo.kaijuthemes.com/angular/app/assets/css/flat/blue@2x.png]
[avenxo.kaijuthemes.com/angular/app/assets/css/flat/aero.png]
[avenxo.kaijuthemes.com/angular/app/assets/css/flat/aero@2x.png]
[avenxo.kaijuthemes.com/angular/app/assets/css/flat/grey.png]
[avenxo.kaijuthemes.com/angular/app/assets/css/flat/grey@2x.png]
[avenxo.kaijuthemes.com/angular/app/assets/css/flat/orange.png]
[avenxo.kaijuthemes.com/angular/app/assets/css/flat/orange@2x.png]
[avenxo.kaijuthemes.com/angular/app/assets/css/flat/yellow.png]
[avenxo.kaijuthemes.com/angular/app/assets/css/flat/yellow@2x.png]
[avenxo.kaijuthemes.com/angular/app/assets/css/flat/pink.png]
[avenxo.kaijuthemes.com/angular/app/assets/css/flat/pink@2x.png]
[avenxo.kaijuthemes.com/angular/app/assets/css/flat/purple.png]
[avenxo.kaijuthemes.com/angular/app/assets/css/flat/purple@2x.png]
[avenxo.kaijuthemes.com/angular/app/assets/css/flat/purple.css]
[avenxo.kaijuthemes.com/angular/app/assets/css/line/line.png]
[avenxo.kaijuthemes.com/angular/app/assets/css/line/line@2x.png]
[avenxo.kaijuthemes.com/angular/app/assets/css/line/purple.css]
[avenxo.kaijuthemes.com/angular/app/assets/css/polaris/polaris.png]
[avenxo.kaijuthemes.com/angular/app/assets/css/polaris/polaris@2x.png]
[avenxo.kaijuthemes.com/angular/app/assets/css/futurico/futurico.png]
[avenxo.kaijuthemes.com/angular/app/assets/css/futurico/futurico@2x.png]
[avenxo.kaijuthemes.com/angular/app/assets/css/bd1a1f8a.vendor.css]
[avenxo.kaijuthemes.com/angular/app/assets/demo/stockphoto/blog_10.jpg]
[avenxo.kaijuthemes.com/angular/app/assets/img/logo-dark.png]
[avenxo.kaijuthemes.com/angular/app/assets/img/logo.png]
[avenxo.kaijuthemes.com/angular/app/assets/img/sunny-weather-bg.png]
[avenxo.kaijuthemes.com/angular/app/assets/img/patterns/brickwall.png]
[avenxo.kaijuthemes.com/angular/app/assets/img/patterns/dark_stripes.png]
[avenxo.kaijuthemes.com/angular/app/assets/img/patterns/rockywall.png]
[avenxo.kaijuthemes.com/angular/app/assets/img/patterns/subtle_carbon.png]
[avenxo.kaijuthemes.com/angular/app/assets/img/patterns/tweed.png]
[avenxo.kaijuthemes.com/angular/app/assets/img/patterns/vertical_cloth.png]
[avenxo.kaijuthemes.com/angular/app/assets/img/patterns/grey_wash_wall.png]
[avenxo.kaijuthemes.com/angular/app/assets/img/patterns/pw_maze_black.png]
[avenxo.kaijuthemes.com/angular/app/assets/img/patterns/wild_oliva.png]
[avenxo.kaijuthemes.com/angular/app/assets/img/patterns/stressed_linen.png]
[avenxo.kaijuthemes.com/angular/app/assets/img/patterns/sos.png]
[avenxo.kaijuthemes.com/angular/app/assets/plugins/form-colorpicker/img/bootstrap-colorpicker/saturation.png]
[avenxo.kaijuthemes.com/angular/app/assets/plugins/form-colorpicker/img/bootstrap-colorpicker/hue.png]
[avenxo.kaijuthemes.com/angular/app/assets/plugins/form-colorpicker/img/bootstrap-colorpicker/alpha.png]
[avenxo.kaijuthemes.com/angular/app/assets/demo/stockphoto/blog_04.jpg]
[avenxo.kaijuthemes.com/angular/app/assets/css/45552090.main.css]
[avenxo.kaijuthemes.com/angular/app/'views/layout/header.html]
[avenxo.kaijuthemes.com/layout-scroll-sidebar.html]
[avenxo.kaijuthemes.com/layout-horizontal-large.html]
[avenxo.kaijuthemes.com/fortawesome.github.io/Font-Awesome/index.html]
[avenxo.kaijuthemes.com/assets/plugins/pines-notify/jquery.pnotify.default.html]
[avenxo.kaijuthemes.com/assets/plugins/pines-notify/jquery.pnotify.min.html]
[avenxo.kaijuthemes.com/assets/plugins/progress-skylo/skylo.css]
[avenxo.kaijuthemes.com/assets/plugins/pines-notify/pnotify.css]
[avenxo.kaijuthemes.com/_http_/upload.wikimedia.org/wikipedia/commons/thumb/e/ec/Happy_smiley_face.png/240px-Happy_smiley_face.html]
[avenxo.kaijuthemes.com/assets/plugins/Ion.RangeSlider/css/ion.rangeSlider.css]
[avenxo.kaijuthemes.com/assets/plugins/Ion.RangeSlider/img/sprite-skin-nice.png]
[avenxo.kaijuthemes.com/assets/plugins/Ion.RangeSlider/css/ion.rangeSlider.skinNice.css]
[avenxo.kaijuthemes.com/scaffolding-grids.html]
[avenxo.kaijuthemes.com/assets/plugins/form-select2/select2.png]
[avenxo.kaijuthemes.com/assets/plugins/form-select2/select2-spinner.gif]
[avenxo.kaijuthemes.com/assets/plugins/form-select2/select2x2.png]
[avenxo.kaijuthemes.com/assets/plugins/form-select2/select2.css]
[avenxo.kaijuthemes.com/assets/plugins/form-multiselect/img/switch.png]
[avenxo.kaijuthemes.com/assets/plugins/form-multiselect/css/multi-select.css]
[avenxo.kaijuthemes.com/assets/plugins/form-fseditor/fseditor.css]
[avenxo.kaijuthemes.com/assets/plugins/bootstrap-tokenfield/css/bootstrap-tokenfield.css]
[avenxo.kaijuthemes.com/assets/plugins/bootstrap-touchspin/dist/jquery.bootstrap-touchspin.min.css]
[avenxo.kaijuthemes.com/assets/plugins/iCheck/skins/minimal/minimal.png]
[avenxo.kaijuthemes.com/assets/plugins/iCheck/skins/minimal/minimal@2x.png]
[avenxo.kaijuthemes.com/assets/plugins/iCheck/skins/minimal/red.png]
[avenxo.kaijuthemes.com/assets/plugins/iCheck/skins/minimal/red@2x.png]
[avenxo.kaijuthemes.com/assets/plugins/iCheck/skins/minimal/green.png]
[avenxo.kaijuthemes.com/assets/plugins/iCheck/skins/minimal/green@2x.png]
[avenxo.kaijuthemes.com/assets/plugins/iCheck/skins/minimal/aero.png]
[avenxo.kaijuthemes.com/assets/plugins/iCheck/skins/minimal/aero@2x.png]
[avenxo.kaijuthemes.com/assets/plugins/iCheck/skins/minimal/grey.png]
[avenxo.kaijuthemes.com/assets/plugins/iCheck/skins/minimal/grey@2x.png]
[avenxo.kaijuthemes.com/assets/plugins/iCheck/skins/minimal/orange.png]
[avenxo.kaijuthemes.com/assets/plugins/iCheck/skins/minimal/orange@2x.png]
[avenxo.kaijuthemes.com/assets/plugins/iCheck/skins/minimal/yellow.png]
[avenxo.kaijuthemes.com/assets/plugins/iCheck/skins/minimal/yellow@2x.png]
[avenxo.kaijuthemes.com/assets/plugins/iCheck/skins/minimal/pink.png]
[avenxo.kaijuthemes.com/assets/plugins/iCheck/skins/minimal/pink@2x.png]
[avenxo.kaijuthemes.com/assets/plugins/iCheck/skins/minimal/purple.png]
[avenxo.kaijuthemes.com/assets/plugins/iCheck/skins/minimal/purple@2x.png]
[avenxo.kaijuthemes.com/assets/plugins/iCheck/skins/minimal/_all.css]
[avenxo.kaijuthemes.com/assets/plugins/iCheck/skins/flat/flat.png]
[avenxo.kaijuthemes.com/assets/plugins/iCheck/skins/flat/flat@2x.png]
[avenxo.kaijuthemes.com/assets/plugins/iCheck/skins/flat/red.png]
[avenxo.kaijuthemes.com/assets/plugins/iCheck/skins/flat/red@2x.png]
[avenxo.kaijuthemes.com/assets/plugins/iCheck/skins/flat/green.png]
[avenxo.kaijuthemes.com/assets/plugins/iCheck/skins/flat/green@2x.png]
[avenxo.kaijuthemes.com/assets/plugins/iCheck/skins/flat/blue.png]
[avenxo.kaijuthemes.com/assets/plugins/iCheck/skins/flat/blue@2x.png]
[avenxo.kaijuthemes.com/assets/plugins/iCheck/skins/flat/aero.png]
[avenxo.kaijuthemes.com/assets/plugins/iCheck/skins/flat/aero@2x.png]
[avenxo.kaijuthemes.com/assets/plugins/iCheck/skins/flat/grey.png]
[avenxo.kaijuthemes.com/assets/plugins/iCheck/skins/flat/grey@2x.png]
[avenxo.kaijuthemes.com/assets/plugins/iCheck/skins/flat/orange.png]
[avenxo.kaijuthemes.com/assets/plugins/iCheck/skins/flat/orange@2x.png]
[avenxo.kaijuthemes.com/assets/plugins/iCheck/skins/flat/yellow.png]
[avenxo.kaijuthemes.com/assets/plugins/iCheck/skins/flat/yellow@2x.png]
[avenxo.kaijuthemes.com/assets/plugins/iCheck/skins/flat/pink.png]
[avenxo.kaijuthemes.com/assets/plugins/iCheck/skins/flat/pink@2x.png]
[avenxo.kaijuthemes.com/assets/plugins/iCheck/skins/flat/purple.png]
[avenxo.kaijuthemes.com/assets/plugins/iCheck/skins/flat/purple@2x.png]
[avenxo.kaijuthemes.com/assets/plugins/iCheck/skins/flat/_all.css]
[avenxo.kaijuthemes.com/assets/plugins/iCheck/skins/square/square.png]
[avenxo.kaijuthemes.com/assets/plugins/iCheck/skins/square/square@2x.png]
[avenxo.kaijuthemes.com/assets/plugins/iCheck/skins/square/red.png]
[avenxo.kaijuthemes.com/assets/plugins/iCheck/skins/square/red@2x.png]
[avenxo.kaijuthemes.com/assets/plugins/iCheck/skins/square/green.png]
[avenxo.kaijuthemes.com/assets/plugins/iCheck/skins/square/green@2x.png]
[avenxo.kaijuthemes.com/assets/plugins/iCheck/skins/square/blue.png]
[avenxo.kaijuthemes.com/assets/plugins/iCheck/skins/square/blue@2x.png]
[avenxo.kaijuthemes.com/assets/plugins/iCheck/skins/square/aero.png]
[avenxo.kaijuthemes.com/assets/plugins/iCheck/skins/square/aero@2x.png]
[avenxo.kaijuthemes.com/assets/plugins/iCheck/skins/square/grey.png]
[avenxo.kaijuthemes.com/assets/plugins/iCheck/skins/square/grey@2x.png]
[avenxo.kaijuthemes.com/assets/plugins/iCheck/skins/square/orange.png]
[avenxo.kaijuthemes.com/assets/plugins/iCheck/skins/square/orange@2x.png]
[avenxo.kaijuthemes.com/assets/plugins/iCheck/skins/square/yellow.png]
[avenxo.kaijuthemes.com/assets/plugins/iCheck/skins/square/yellow@2x.png]
[avenxo.kaijuthemes.com/assets/plugins/iCheck/skins/square/pink.png]
[avenxo.kaijuthemes.com/assets/plugins/iCheck/skins/square/pink@2x.png]
[avenxo.kaijuthemes.com/assets/plugins/iCheck/skins/square/purple.png]
[avenxo.kaijuthemes.com/assets/plugins/iCheck/skins/square/purple@2x.png]
[avenxo.kaijuthemes.com/assets/plugins/iCheck/skins/square/_all.css]
[avenxo.kaijuthemes.com/assets/plugins/card/lib/css/card.css]
[avenxo.kaijuthemes.com/assets/plugins/form-daterangepicker/daterangepicker-bs3.css]
[avenxo.kaijuthemes.com/assets/plugins/clockface/css/clockface.css]
[avenxo.kaijuthemes.com/assets/plugins/dropzone/images/spritemap.png]
[avenxo.kaijuthemes.com/assets/plugins/dropzone/images/spritemap@2x.png]
[avenxo.kaijuthemes.com/assets/plugins/dropzone/css/dropzone.css]
[avenxo.kaijuthemes.com/assets/plugins/summernote/dist/summernote.css]
[avenxo.kaijuthemes.com/assets/plugins/form-pagedown/css/jquery.pagedown-bootstrap.css]
[avenxo.kaijuthemes.com/assets/plugins/form-xeditable/bootstrap3-editable/img/loading.gif]
[avenxo.kaijuthemes.com/assets/plugins/form-xeditable/bootstrap3-editable/img/clear.png]
[avenxo.kaijuthemes.com/assets/plugins/form-xeditable/bootstrap3-editable/css/bootstrap-editable.css]
[avenxo.kaijuthemes.com/assets/plugins/gridforms/gridforms/gridforms.css]
[avenxo.kaijuthemes.com/assets/plugins/datatables/dataTables.bootstrap.css]
[avenxo.kaijuthemes.com/assets/plugins/datatables/dataTables.themify.css]
[avenxo.kaijuthemes.com/assets/plugins/tables-fixedheader/css/dataTables.fixedHeader.min.css]
[avenxo.kaijuthemes.com/ui-fixedheader.html]
[avenxo.kaijuthemes.com/ui-sliders.html]
[avenxo.kaijuthemes.com/maps-vector.html]
[avenxo.kaijuthemes.com/charts-mapael.html]
[avenxo.kaijuthemes.com/profile.html]
[avenxo.kaijuthemes.com/assets/demo/demo-app-inbox-compose.js]
[avenxo.kaijuthemes.com/app-inbox-compose.html]
[avenxo.kaijuthemes.com/app-inbox-read.html]
[avenxo.kaijuthemes.com/extras-calendar-2.html]
[avenxo.kaijuthemes.com/angular/app/assets/fonts/fontawesome-webfont78ce.svg]
[avenxo.kaijuthemes.com/angular/app/assets/css/ui-grid.html]
[avenxo.kaijuthemes.com/angular/app/assets/css/ui-grid-2.html]
[avenxo.kaijuthemes.com/angular/app/assets/css/ui-gridd41d.html]
[avenxo.kaijuthemes.com/angular/app/assets/css/ui-gridd41d-2.html]
[avenxo.kaijuthemes.com/angular/app/assets/css/fonts/themify9f24.svg]
[avenxo.kaijuthemes.com/angular/app/assets/css/minimal/purple.html]
[avenxo.kaijuthemes.com/angular/app/assets/css/square/purple.html]
[avenxo.kaijuthemes.com/angular/app/assets/css/flat/purple.html]
[avenxo.kaijuthemes.com/angular/app/assets/css/line/purple.html]
[avenxo.kaijuthemes.com/assets/plugins/images/sort_both.html]
[avenxo.kaijuthemes.com/assets/plugins/images/sort_asc.html]
[avenxo.kaijuthemes.com/assets/plugins/images/sort_desc.html]
[avenxo.kaijuthemes.com/assets/plugins/images/sort_asc_disabled.html]
[avenxo.kaijuthemes.com/assets/plugins/images/sort_desc_disabled.html]
[avenxo.kaijuthemes.com/assets/fonts/activeicons/activeicons.html]
[avenxo.kaijuthemes.com/assets/plugins/jqvmap/jqvmap.html]
[avenxo.kaijuthemes.com/assets/plugins/jqvmap/jquery.vmap.min.html]
[avenxo.kaijuthemes.com/assets/plugins/jqvmap/maps/jquery.vmap.world.html]
[avenxo.kaijuthemes.com/assets/plugins/jqvmap/maps/jquery.vmap.europe.html]
[avenxo.kaijuthemes.com/assets/plugins/jqvmap/maps/jquery.vmap.usa.html]
[avenxo.kaijuthemes.com/assets/plugins/jqvmap/maps/jquery.vmap.germany.html]
[avenxo.kaijuthemes.com/assets/plugins/jqvmap/maps/jquery.vmap.russia.html]
[avenxo.kaijuthemes.com/assets/plugins/jqvmap/maps/jquery.vmap.france.html]
[avenxo.kaijuthemes.com/assets/plugins/jqvmap/maps/jquery.vmap.algeria.html]
[avenxo.kaijuthemes.com/assets/plugins/jqvmap/data/jquery.vmap.sampledata.html]
[avenxo.kaijuthemes.com/assets/demo/demos-jqvmap.html]
[avenxo.kaijuthemes.com/app-inbox-2.html]
